// Jest Snapshot v1, https://goo.gl/fbAQLP

exports[`User matches 1`] = `
Object {
  "age": 33,
  "job": "Frontend Engineer",
  "name": "Andrew Philippov",
}
`;
